// Jest Snapshot v1, https://goo.gl/fbAQLP

exports[`Footer.tsx should render correctly 1`] = `
<div
  id="footer"
>
  <span
    className="sc-bdVaJa rOCEJ"
  >
    Â© 
    2018
  </span>
</div>
`;
