// Jest Snapshot v1, https://goo.gl/fbAQLP

exports[`Error404.tsx should render correctly 1`] = `
<h1>
  Sorry, canâ€™t find that. 404
</h1>
`;
